4:19 Глюк метамаска - повторяемости нет
4:50 Табличка с ошибкой при этом ошибки нет - повторяемость есть
5:05 Видно 10 пункт - но он должен быть виден только при типе тендет - повторяемость есть